../Drivers/BSP/X-NUCLEO-IHM02A1/xnucleoihm02a1.c:270:6:BSP_NUCLEO_GPIO_Init	32	static
../Drivers/BSP/X-NUCLEO-IHM02A1/xnucleoihm02a1.c:320:6:BSP_L6470_Init	16	static
../Drivers/BSP/X-NUCLEO-IHM02A1/xnucleoihm02a1.c:357:6:BSP_IRQ	16	static
../Drivers/BSP/X-NUCLEO-IHM02A1/xnucleoihm02a1.c:392:6:BSP_L6470_SetParam	16	static
../Drivers/BSP/X-NUCLEO-IHM02A1/xnucleoihm02a1.c:409:10:BSP_L6470_GetParam	16	static
../Drivers/BSP/X-NUCLEO-IHM02A1/xnucleoihm02a1.c:428:6:BSP_L6470_Run	16	static
../Drivers/BSP/X-NUCLEO-IHM02A1/xnucleoihm02a1.c:444:6:BSP_L6470_StepClock	16	static
../Drivers/BSP/X-NUCLEO-IHM02A1/xnucleoihm02a1.c:461:6:BSP_L6470_Move	16	static
../Drivers/BSP/X-NUCLEO-IHM02A1/xnucleoihm02a1.c:477:6:BSP_L6470_GoTo	16	static
../Drivers/BSP/X-NUCLEO-IHM02A1/xnucleoihm02a1.c:494:6:BSP_L6470_GoToDir	16	static
../Drivers/BSP/X-NUCLEO-IHM02A1/xnucleoihm02a1.c:512:6:BSP_L6470_GoUntil	24	static
../Drivers/BSP/X-NUCLEO-IHM02A1/xnucleoihm02a1.c:529:6:BSP_L6470_ReleaseSW	24	static
../Drivers/BSP/X-NUCLEO-IHM02A1/xnucleoihm02a1.c:544:6:BSP_L6470_GoHome	16	static
../Drivers/BSP/X-NUCLEO-IHM02A1/xnucleoihm02a1.c:559:6:BSP_L6470_GoMark	16	static
../Drivers/BSP/X-NUCLEO-IHM02A1/xnucleoihm02a1.c:574:6:BSP_L6470_ResetPos	16	static
../Drivers/BSP/X-NUCLEO-IHM02A1/xnucleoihm02a1.c:589:6:BSP_L6470_ResetDevice	16	static
../Drivers/BSP/X-NUCLEO-IHM02A1/xnucleoihm02a1.c:604:6:BSP_L6470_SoftStop	16	static
../Drivers/BSP/X-NUCLEO-IHM02A1/xnucleoihm02a1.c:619:6:BSP_L6470_HardStop	16	static
../Drivers/BSP/X-NUCLEO-IHM02A1/xnucleoihm02a1.c:634:6:BSP_L6470_SoftHiZ	16	static
../Drivers/BSP/X-NUCLEO-IHM02A1/xnucleoihm02a1.c:649:6:BSP_L6470_HardHiZ	16	static
../Drivers/BSP/X-NUCLEO-IHM02A1/xnucleoihm02a1.c:665:10:BSP_L6470_GetStatus	16	static
../Drivers/BSP/X-NUCLEO-IHM02A1/xnucleoihm02a1.c:687:10:BSP_L6470_PerformPreparedApplicationCommand	16	static
../Drivers/BSP/X-NUCLEO-IHM02A1/xnucleoihm02a1.c:706:9:BSP_L6470_CheckStatusRegisterFlag	16	static
../Drivers/BSP/X-NUCLEO-IHM02A1/xnucleoihm02a1.c:726:9:EXPBRD_ID	16	static
../Drivers/BSP/X-NUCLEO-IHM02A1/xnucleoihm02a1.c:743:9:BSP_Select	16	static
../Drivers/BSP/X-NUCLEO-IHM02A1/xnucleoihm02a1.c:759:6:BSP_Init	8	static
../Drivers/BSP/X-NUCLEO-IHM02A1/xnucleoihm02a1.c:776:6:BSP_L6470_BusySynchEventManager	4	static,ignoring_inline_asm
../Drivers/BSP/X-NUCLEO-IHM02A1/xnucleoihm02a1.c:784:6:BSP_L6470_FlagEventManager	4	static,ignoring_inline_asm
../Drivers/BSP/X-NUCLEO-IHM02A1/xnucleoihm02a1.c:792:6:BSP_EmergencyStop	8	static
../Drivers/BSP/X-NUCLEO-IHM02A1/xnucleoihm02a1.c:804:6:BSP_0_Config	24	static
../Drivers/BSP/X-NUCLEO-IHM02A1/xnucleoihm02a1.c:816:6:BSP_1_Config	24	static
../Drivers/BSP/X-NUCLEO-IHM02A1/xnucleoihm02a1.c:828:6:BSP_2_Config	24	static
../Drivers/BSP/X-NUCLEO-IHM02A1/xnucleoihm02a1.c:840:6:BSP_3_Config	24	static
../Drivers/BSP/X-NUCLEO-IHM02A1/xnucleoihm02a1.c:853:6:BSP_L6470_0_0_Config	24	static
../Drivers/BSP/X-NUCLEO-IHM02A1/xnucleoihm02a1.c:866:6:BSP_L6470_0_1_Config	24	static
../Drivers/BSP/X-NUCLEO-IHM02A1/xnucleoihm02a1.c:879:6:BSP_L6470_1_0_Config	24	static
../Drivers/BSP/X-NUCLEO-IHM02A1/xnucleoihm02a1.c:892:6:BSP_L6470_1_1_Config	24	static
../Drivers/BSP/X-NUCLEO-IHM02A1/xnucleoihm02a1.c:905:6:BSP_L6470_2_0_Config	24	static
../Drivers/BSP/X-NUCLEO-IHM02A1/xnucleoihm02a1.c:918:6:BSP_L6470_2_1_Config	24	static
../Drivers/BSP/X-NUCLEO-IHM02A1/xnucleoihm02a1.c:931:6:BSP_L6470_3_0_Config	24	static
../Drivers/BSP/X-NUCLEO-IHM02A1/xnucleoihm02a1.c:944:6:BSP_L6470_3_1_Config	24	static
../Drivers/BSP/X-NUCLEO-IHM02A1/xnucleoihm02a1.c:957:28:BSP_GetExpansionBoardHandle	16	static
../Drivers/BSP/X-NUCLEO-IHM02A1/xnucleoihm02a1.c:976:6:BSP_Config	16	static
