../Src/main.c:49:5:main	24	static
../Src/main.c:233:6:showscreen	16	static
../Src/main.c:252:6:Update_Home_Status	24	static
../Src/main.c:511:6:Update_Motor_Pos	24	static
../Src/main.c:531:6:Update_Gear_Status	24	static
../Src/main.c:542:6:Pull_And_Run_Motor	16	static
../Src/main.c:576:9:PinState_To_Int	16	static
../Src/main.c:590:10:Get_Desired_Postion_By_Cmd	24	static
../Src/main.c:631:6:Roplus_Pin_Init	48	static
../Src/main.c:688:6:HAL_TIM_IC_CaptureCallback	16	static
../Src/main.c:707:6:MyErrorHandler	16	static
../Src/main.c:722:6:Error_Handler	8	static,ignoring_inline_asm
../Src/main.c:736:6:Motor_Find_Home	24	static
../Src/main.c:758:6:Motor_Find_Upper_Position	24	static
../Src/main.c:783:10:usrPow	24	static
../Src/main.c:795:6:HAL_UART_RxCpltCallback	32	static
../Src/main.c:917:10:Buffercmp	24	static
../Src/main.c:931:6:BufferInit	24	static
../Src/main.c:954:6:BufferCopy	24	static
../Src/main.c:963:10:BufferParse	40	static
../Src/main.c:1013:6:suction_test	8	static
